\BOOKMARK [0][]{chapter*.1}{\376\377\000A\000c\000k\000n\000o\000w\000l\000e\000d\000g\000e\000m\000e\000n\000t\000s}{}% 1
\BOOKMARK [0][]{chapter*.2}{\376\377\000A\000b\000s\000t\000r\000a\000c\000t}{}% 2
\BOOKMARK [0][]{chapter.1}{\376\377\0001\000\040\000I\000n\000t\000r\000o\000d\000u\000c\000t\000i\000o\000n}{}% 3
\BOOKMARK [1][-]{section.1.1}{\376\377\0001\000.\0001\000\040\000M\000o\000t\000i\000v\000a\000t\000i\000o\000n}{chapter.1}% 4
\BOOKMARK [1][-]{section.1.2}{\376\377\0001\000.\0002\000\040\000C\000o\000n\000t\000r\000i\000b\000u\000t\000i\000o\000n\000s}{chapter.1}% 5
\BOOKMARK [1][-]{section.1.3}{\376\377\0001\000.\0003\000\040\000T\000h\000e\000s\000i\000s\000\040\000O\000u\000t\000l\000i\000n\000e}{chapter.1}% 6
\BOOKMARK [0][]{chapter.2}{\376\377\0002\000\040\000B\000a\000c\000k\000g\000r\000o\000u\000n\000d}{}% 7
\BOOKMARK [1][-]{section.2.1}{\376\377\0002\000.\0001\000\040\000R\000e\000i\000n\000f\000o\000r\000c\000e\000m\000e\000n\000t\000\040\000L\000e\000a\000r\000n\000i\000n\000g}{chapter.2}% 8
\BOOKMARK [2][-]{subsection.2.1.1}{\376\377\0002\000.\0001\000.\0001\000\040\000P\000o\000l\000i\000c\000y\000\040\000G\000r\000a\000d\000i\000e\000n\000t\000\040\000M\000e\000t\000h\000o\000d\000s}{section.2.1}% 9
\BOOKMARK [2][-]{subsection.2.1.2}{\376\377\0002\000.\0001\000.\0002\000\040\000V\000a\000r\000i\000a\000n\000c\000e\000\040\000R\000e\000d\000u\000c\000t\000i\000o\000n\000:\000\040\000S\000V\000R\000P\000G}{section.2.1}% 10
\BOOKMARK [1][-]{section.2.2}{\376\377\0002\000.\0002\000\040\000F\000e\000d\000e\000r\000a\000t\000e\000d\000\040\000L\000e\000a\000r\000n\000i\000n\000g}{chapter.2}% 11
\BOOKMARK [1][-]{section.2.3}{\376\377\0002\000.\0003\000\040\000B\000y\000z\000a\000n\000t\000i\000n\000e\000\040\000R\000o\000b\000u\000s\000t\000n\000e\000s\000s}{chapter.2}% 12
\BOOKMARK [1][-]{section.2.4}{\376\377\0002\000.\0004\000\040\000R\000e\000l\000a\000t\000e\000d\000\040\000W\000o\000r\000k}{chapter.2}% 13
\BOOKMARK [0][]{chapter.3}{\376\377\0003\000\040\000B\000a\000s\000e\000l\000i\000n\000e\000\040\000I\000m\000p\000l\000e\000m\000e\000n\000t\000a\000t\000i\000o\000n\000s}{}% 14
\BOOKMARK [1][-]{section.3.1}{\376\377\0003\000.\0001\000\040\000D\000e\000s\000i\000g\000n\000\040\000B\000a\000s\000e\000l\000i\000n\000e\000s}{chapter.3}% 15
\BOOKMARK [1][-]{section.3.2}{\376\377\0003\000.\0002\000\040\000G\000P\000O\000M\000D\000P}{chapter.3}% 16
\BOOKMARK [1][-]{section.3.3}{\376\377\0003\000.\0003\000\040\000S\000V\000R\000P\000G}{chapter.3}% 17
\BOOKMARK [1][-]{section.3.4}{\376\377\0003\000.\0004\000\040\000F\000e\000d\000P\000G\000-\000B\000R}{chapter.3}% 18
\BOOKMARK [2][-]{subsection.3.4.1}{\376\377\0003\000.\0004\000.\0001\000\040\000B\000y\000z\000a\000n\000t\000i\000n\000e\000\040\000F\000i\000l\000t\000e\000r\000i\000n\000g\000\040\000\050\000F\000e\000d\000P\000G\000-\000A\000g\000g\000r\000e\000g\000a\000t\000e\000\051}{section.3.4}% 19
\BOOKMARK [2][-]{subsection.3.4.2}{\376\377\0003\000.\0004\000.\0002\000\040\000S\000e\000r\000v\000e\000r\000\040\000U\000p\000d\000a\000t\000e\000\040\000\050\000F\000e\000d\000P\000G\000-\000U\000p\000d\000a\000t\000e\000\051}{section.3.4}% 20
\BOOKMARK [2][-]{subsection.3.4.3}{\376\377\0003\000.\0004\000.\0003\000\040\000I\000m\000p\000l\000e\000m\000e\000n\000t\000a\000t\000i\000o\000n\000\040\000N\000o\000t\000e\000s}{section.3.4}% 21
\BOOKMARK [0][]{chapter.4}{\376\377\0004\000\040\000S\000y\000s\000t\000e\000m\000\040\000D\000e\000s\000i\000g\000n}{}% 22
\BOOKMARK [1][-]{section.4.1}{\376\377\0004\000.\0001\000\040\000A\000r\000c\000h\000i\000t\000e\000c\000t\000u\000r\000e\000\040\000O\000v\000e\000r\000v\000i\000e\000w}{chapter.4}% 23
\BOOKMARK [1][-]{section.4.2}{\376\377\0004\000.\0002\000\040\000S\000t\000r\000a\000t\000e\000g\000y\000\040\000P\000l\000u\000g\000i\000n\000\040\000I\000n\000t\000e\000r\000f\000a\000c\000e}{chapter.4}% 24
\BOOKMARK [1][-]{section.4.3}{\376\377\0004\000.\0003\000\040\000E\000n\000v\000i\000r\000o\000n\000m\000e\000n\000t\000\040\000I\000n\000t\000e\000g\000r\000a\000t\000i\000o\000n}{chapter.4}% 25
\BOOKMARK [1][-]{section.4.4}{\376\377\0004\000.\0004\000\040\000C\000o\000n\000f\000i\000g\000u\000r\000a\000t\000i\000o\000n\000\040\000S\000y\000s\000t\000e\000m}{chapter.4}% 26
\BOOKMARK [1][-]{section.4.5}{\376\377\0004\000.\0005\000\040\000M\000e\000t\000r\000i\000c\000s\000\040\000L\000o\000g\000g\000i\000n\000g\000\040\000a\000n\000d\000\040\000D\000a\000s\000h\000b\000o\000a\000r\000d}{chapter.4}% 27
\BOOKMARK [0][]{chapter.5}{\376\377\0005\000\040\000B\000e\000n\000c\000h\000m\000a\000r\000k\000i\000n\000g\000\040\000F\000r\000a\000m\000e\000w\000o\000r\000k}{}% 28
\BOOKMARK [1][-]{section.5.1}{\376\377\0005\000.\0001\000\040\000M\000o\000t\000i\000v\000a\000t\000i\000o\000n\000:\000\040\000W\000h\000y\000\040\000N\000o\000t\000\040\000J\000u\000s\000t\000\040\000R\000u\000n\000\040\000Y\000o\000u\000r\000\040\000O\000w\000n\000\040\000A\000g\000e\000n\000t\000s\000?}{chapter.5}% 29
\BOOKMARK [1][-]{section.5.2}{\376\377\0005\000.\0002\000\040\000S\000t\000r\000a\000t\000e\000g\000y\000\040\000P\000l\000u\000g\000i\000n\000\040\000I\000n\000t\000e\000r\000f\000a\000c\000e}{chapter.5}% 30
\BOOKMARK [1][-]{section.5.3}{\376\377\0005\000.\0003\000\040\000E\000x\000p\000e\000r\000i\000m\000e\000n\000t\000\040\000C\000o\000n\000f\000i\000g\000u\000r\000a\000t\000i\000o\000n}{chapter.5}% 31
\BOOKMARK [1][-]{section.5.4}{\376\377\0005\000.\0004\000\040\000B\000y\000z\000a\000n\000t\000i\000n\000e\000\040\000A\000t\000t\000a\000c\000k\000\040\000S\000u\000i\000t\000e}{chapter.5}% 32
\BOOKMARK [1][-]{section.5.5}{\376\377\0005\000.\0005\000\040\000R\000e\000p\000r\000o\000d\000u\000c\000i\000b\000i\000l\000i\000t\000y}{chapter.5}% 33
\BOOKMARK [0][]{chapter.6}{\376\377\0006\000\040\000E\000x\000p\000e\000r\000i\000m\000e\000n\000t\000a\000l\000\040\000E\000v\000a\000l\000u\000a\000t\000i\000o\000n}{}% 34
\BOOKMARK [1][-]{section.6.1}{\376\377\0006\000.\0001\000\040\000E\000x\000p\000e\000r\000i\000m\000e\000n\000t\000a\000l\000\040\000S\000e\000t\000u\000p}{chapter.6}% 35
\BOOKMARK [2][-]{subsection.6.1.1}{\376\377\0006\000.\0001\000.\0001\000\040\000E\000n\000v\000i\000r\000o\000n\000m\000e\000n\000t\000s}{section.6.1}% 36
\BOOKMARK [2][-]{subsection.6.1.2}{\376\377\0006\000.\0001\000.\0002\000\040\000P\000o\000l\000i\000c\000y\000\040\000N\000e\000t\000w\000o\000r\000k}{section.6.1}% 37
\BOOKMARK [2][-]{subsection.6.1.3}{\376\377\0006\000.\0001\000.\0003\000\040\000H\000y\000p\000e\000r\000p\000a\000r\000a\000m\000e\000t\000e\000r\000s}{section.6.1}% 38
\BOOKMARK [2][-]{subsection.6.1.4}{\376\377\0006\000.\0001\000.\0004\000\040\000E\000v\000a\000l\000u\000a\000t\000i\000o\000n\000\040\000P\000r\000o\000t\000o\000c\000o\000l}{section.6.1}% 39
\BOOKMARK [1][-]{section.6.2}{\376\377\0006\000.\0002\000\040\000E\000x\000p\000e\000c\000t\000e\000d\000\040\000O\000u\000t\000c\000o\000m\000e\000s}{chapter.6}% 40
\BOOKMARK [1][-]{section.6.3}{\376\377\0006\000.\0003\000\040\000R\000e\000s\000u\000l\000t\000s\000:\000\040\000C\000l\000e\000a\000n\000\040\000S\000e\000t\000t\000i\000n\000g}{chapter.6}% 41
\BOOKMARK [1][-]{section.6.4}{\376\377\0006\000.\0004\000\040\000R\000e\000s\000u\000l\000t\000s\000:\000\040\000B\000y\000z\000a\000n\000t\000i\000n\000e\000\040\000R\000o\000b\000u\000s\000t\000n\000e\000s\000s}{chapter.6}% 42
\BOOKMARK [1][-]{section.6.5}{\376\377\0006\000.\0005\000\040\000D\000i\000s\000c\000u\000s\000s\000i\000o\000n}{chapter.6}% 43
\BOOKMARK [0][]{chapter.7}{\376\377\0007\000\040\000C\000o\000n\000c\000l\000u\000s\000i\000o\000n}{}% 44
\BOOKMARK [1][-]{section.7.1}{\376\377\0007\000.\0001\000\040\000S\000u\000m\000m\000a\000r\000y}{chapter.7}% 45
\BOOKMARK [1][-]{section.7.2}{\376\377\0007\000.\0002\000\040\000L\000i\000m\000i\000t\000a\000t\000i\000o\000n\000s}{chapter.7}% 46
\BOOKMARK [1][-]{section.7.3}{\376\377\0007\000.\0003\000\040\000F\000u\000t\000u\000r\000e\000\040\000W\000o\000r\000k}{chapter.7}% 47
\BOOKMARK [0][]{chapter*.4}{\376\377\000B\000i\000b\000l\000i\000o\000g\000r\000a\000p\000h\000y}{}% 48
\BOOKMARK [0][]{appendix.U}{\376\377\000A\000\040\000A\000d\000d\000i\000n\000g\000\040\000a\000\040\000C\000u\000s\000t\000o\000m\000\040\000S\000t\000r\000a\000t\000e\000g\000y}{}% 49
\BOOKMARK [0][]{appendix.V}{\376\377\000B\000\040\000R\000u\000n\000n\000i\000n\000g\000\040\000a\000n\000\040\000E\000x\000p\000e\000r\000i\000m\000e\000n\000t}{}% 50
